// Jest Snapshot v1, https://goo.gl/fbAQLP

exports[`Active Page shallow renders with empty data 1`] = `
<div
  className="sc-fzqNJr dLfJWR"
>
  <div
    className="sc-fzoyAV iQkuwf container"
  >
    <img
      alt="404"
      className="sc-fzoLag cea-deJ"
      src="pc_404.png"
    />
  </div>
</div>
`;
