// Jest Snapshot v1, https://goo.gl/fbAQLP

exports[`DaoSearch Component shallow renders 1`] = `
.c0 {
  width: 600px;
  height: 40px;
  text-align: center;
  display: -webkit-box;
  display: -webkit-flex;
  display: -ms-flexbox;
  display: flex;
  -webkit-align-items: center;
  -webkit-box-align: center;
  -ms-flex-align: center;
  align-items: center;
  -webkit-box-pack: justify;
  -webkit-justify-content: space-between;
  -ms-flex-pack: justify;
  justify-content: space-between;
}

.c2 {
  display: inline-block;
  margin-left: -45px;
  width: 50px;
  z-index: 2;
  display: -webkit-box;
  display: -webkit-flex;
  display: -ms-flexbox;
  display: flex;
  -webkit-box-pack: center;
  -webkit-justify-content: center;
  -ms-flex-pack: center;
  justify-content: center;
}

.c2 img {
  margin-top: 3px;
  width: 20px;
  height: 20px;
}

.c1 {
  position: relative;
  width: 100%;
  height: 100%;
  font-size: 16px;
  padding-left: 15px;
  padding-right: 50px;
  background: rgba(255,255,255,0);
  opacity: 1;
  border: 1px solid #b3b3b3;
  color: #666666;
  border-radius: 6px;
}

.c1:focus {
  color: #666666;
  outline: none;
}

.c1::-webkit-input-placeholder {
  color: #bababa;
}

.c1::-moz-placeholder {
  color: #bababa;
}

.c1:-ms-input-placeholder {
  color: #bababa;
}

.c1::placeholder {
  color: #bababa;
}

@media (max-width:750px) {
  .c0 {
    width: 84vw;
    height: 25px;
  }
}

@media (max-width:750px) {
  .c2 {
    width: 40px;
    margin-left: -35px;
  }
}

@media (max-width:750px) {
  .c2 img {
    margin-top: 0;
    width: 12px;
    height: 12px;
  }
}

@media (max-width:750px) {
  .c1 {
    width: 100%;
    font-size: 12px;
    padding-left: 10px;
    padding-right: 30px;
  }
}

<div
  className="c0"
>
  <input
    className="c1"
    defaultValue=""
    onBlur={[Function]}
    onChange={[Function]}
    onKeyUp={[Function]}
    placeholder="Transaction / Address"
  />
  <div
    className="c2"
    onClick={[Function]}
    onKeyPress={[Function]}
    role="button"
    tabIndex={-1}
  >
    <img
      alt="search logo"
      src="search_green.png"
    />
  </div>
</div>
`;
