// Jest Snapshot v1, https://goo.gl/fbAQLP

exports[`DecimalCapacity Component shallow renders 1`] = `
<div
  className="sc-AxjAm bCvkdU"
>
  <span>
    128
  </span>
  <div
    className="sc-AxirZ gyUmOw monospace"
  >
    .1234
  </div>
  <div
    className="sc-AxiKw bWoPvU monospace"
  >
    0000
  </div>
  <div
    className="decimal__unit monospace"
  >
    CKB
  </div>
</div>
`;
