// Jest Snapshot v1, https://goo.gl/fbAQLP

exports[`Filter Component shallow renders 1`] = `
.c1 {
  cursor: pointer;
}

.c0 {
  width: 600px;
  height: 30px;
  text-align: center;
  display: -webkit-box;
  display: -webkit-flex;
  display: -ms-flexbox;
  display: flex;
  -webkit-align-items: center;
  -webkit-box-align: center;
  -ms-flex-align: center;
  align-items: center;
  -webkit-box-pack: justify;
  -webkit-justify-content: space-between;
  -ms-flex-pack: justify;
  justify-content: space-between;
}

.c2 {
  display: inline-block;
  margin-left: 0;
  margin-right: -40px;
  width: 30px;
  z-index: 2;
  display: -webkit-box;
  display: -webkit-flex;
  display: -ms-flexbox;
  display: flex;
  -webkit-box-pack: center;
  -webkit-justify-content: center;
  -ms-flex-pack: center;
  justify-content: center;
}

.c2 img {
  margin-top: 3px;
  width: 18px;
  height: 18px;
}

.c3 {
  position: relative;
  width: 100%;
  height: 100%;
  font-size: 16px;
  padding-left: 26px;
  padding-right: 30px;
  background: rgba(255,255,255,0);
  opacity: 1;
  border: 1px solid #b3b3b3;
  color: #666666;
  border-radius: 6px;
}

.c3:focus {
  color: #666666;
  outline: none;
}

.c3::-webkit-input-placeholder {
  color: #bababa;
}

.c3::-moz-placeholder {
  color: #bababa;
}

.c3:-ms-input-placeholder {
  color: #bababa;
}

.c3::placeholder {
  color: #bababa;
}

@media (max-width:1200px) {
  .c0 {
    width: 450px;
  }
}

@media (max-width:750px) {
  .c0 {
    width: 84vw;
  }
}

@media (max-width:750px) {
  .c2 {
    margin-left: 0;
    margin-right: -30px;
  }
}

@media (max-width:750px) {
  .c2 img {
    margin-top: 0;
  }
}

@media (max-width:750px) {
  .c3 {
    width: 100%;
    font-size: 12px;
  }
}

<div
  className="c0"
>
  <div
    className="c1 c2"
    onClick={[Function]}
    onKeyDown={[Function]}
    onMouseOver={[Function]}
    role="button"
    tabIndex={-1}
  >
    <img
      alt="search logo"
      src="search_filter.png"
    />
  </div>
  <input
    className="c3"
    defaultValue=""
    onChange={[Function]}
    onKeyUp={[Function]}
    placeholder="Transaction / Address"
  />
</div>
`;
