// Jest Snapshot v1, https://goo.gl/fbAQLP

exports[`HashTag Component shallow renders 1`] = `
.c0 {
  height: 20px;
  width: 67.5px;
  min-width: 67.5px;
  border-radius: 4px;
  border: solid 0.5px #caacef;
  background-color: #f0e0fb;
  display: -webkit-box;
  display: -webkit-flex;
  display: -ms-flexbox;
  display: flex;
  -webkit-align-items: center;
  -webkit-box-align: center;
  -ms-flex-align: center;
  align-items: center;
  -webkit-box-pack: center;
  -webkit-justify-content: center;
  -ms-flex-pack: center;
  justify-content: center;
  font-size: 12px;
}

@media (max-width:750px) {
  .c0 {
    height: 16px;
    width: 67.5px;
  }
}

<div
  className="c0"
>
  <span>
    secp256k1
  </span>
</div>
`;
