// Jest Snapshot v1, https://goo.gl/fbAQLP

exports[`Pagination Component shallow renders 1`] = `
.c0 {
  display: -webkit-box;
  display: -webkit-flex;
  display: -ms-flexbox;
  display: flex;
  width: 100%;
  height: 50px;
  background: white;
  -webkit-flex-direction: row;
  -ms-flex-direction: row;
  flex-direction: row;
  -webkit-box-pack: center;
  -webkit-justify-content: center;
  -ms-flex-pack: center;
  justify-content: center;
  border-radius: 0 0 6px 6px;
  box-shadow: 0 2px 6px 0 rgba(0,0,0,0.12);
  background-color: #ffffff;
}

.c1 {
  display: -webkit-box;
  display: -webkit-flex;
  display: -ms-flexbox;
  display: flex;
  -webkit-align-items: center;
  -webkit-box-align: center;
  -ms-flex-align: center;
  align-items: center;
  -webkit-box-pack: center;
  -webkit-justify-content: center;
  -ms-flex-pack: center;
  justify-content: center;
  -webkit-flex: 3;
  -ms-flex: 3;
  flex: 3;
  font-size: 14px;
  text-align: center;
  color: #000000;
  padding-left: 20px;
}

.c1 .pagination__first__button {
  height: 30px;
  line-height: 30px;
  padding: 0 8px;
  border-radius: 6px;
  border: none;
  outline: none;
  cursor: pointer;
  background: #f5f5f5;
  -webkit-letter-spacing: 1px;
  -moz-letter-spacing: 1px;
  -ms-letter-spacing: 1px;
  letter-spacing: 1px;
  color: #969696;
  pointer-events: none;
}

.c1 .pagination__first__button:hover {
  background: #dddddd;
}

.c1 .pagination__left__button {
  margin-left: 20px;
  width: 30px;
  height: 30px;
  line-height: 30px;
  background: #f5f5f5;
  border-radius: 6px;
  pointer-events: none;
}

.c1 .pagination__left__button:hover {
  background: #dddddd;
}

.c1 .pagination__left__button > img {
  width: 9px;
  height: 15px;
}

.c1 .pagination__middle__label {
  height: 30px;
  line-height: 30px;
  background: #f5f5f5;
  border-radius: 6px;
  text-align: center;
  font-size: 12px;
  padding: 0 12px;
  margin-left: 20px;
}

.c1 .pagination__right__button {
  margin-left: 20px;
  background: #f5f5f5;
  width: 30px;
  height: 30px;
  line-height: 30px;
  border-radius: 6px;
  pointer-events: auto;
}

.c1 .pagination__right__button:hover {
  background: #dddddd;
}

.c1 .pagination__right__button > img {
  width: 9px;
  height: 15px;
}

.c1 .pagination__last__button {
  height: 30px;
  line-height: 30px;
  padding: 0 8px;
  border-radius: 6px;
  border: none;
  outline: none;
  cursor: pointer;
  background: #f5f5f5;
  -webkit-letter-spacing: 1px;
  -moz-letter-spacing: 1px;
  -ms-letter-spacing: 1px;
  letter-spacing: 1px;
  margin-left: 20px;
  color: #000000;
  pointer-events: auto;
}

.c1 .pagination__last__button:hover {
  background: #dddddd;
}

.c3 {
  display: -webkit-box;
  display: -webkit-flex;
  display: -ms-flexbox;
  display: flex;
  -webkit-align-items: center;
  -webkit-box-align: center;
  -ms-flex-align: center;
  align-items: center;
  -webkit-flex: 2;
  -ms-flex: 2;
  flex: 2;
  font-size: 14px;
  color: #000000;
  padding-right: 20px;
}

.c3 .pagination__input__page {
  width: 120px;
  height: 30px;
  border: none;
  border-radius: 6px;
  background-color: #f5f5f5;
  color: grey;
  outline: none;
  margin-right: 20px;
  padding-left: 10px;
}

.c3 .pagination__page__label {
  margin-right: 20px;
}

.c3 .pagination__goto__page {
  height: 30px;
  line-height: 30px;
  padding: 0 8px;
  border-radius: 6px;
  border: none;
  outline: none;
  cursor: pointer;
  background: #f5f5f5;
  -webkit-letter-spacing: 1px;
  -moz-letter-spacing: 1px;
  -ms-letter-spacing: 1px;
  letter-spacing: 1px;
  margin-left: 20px;
}

.c3 .pagination__goto__page:hover {
  background: #dddddd;
}

.c2 {
  cursor: pointer;
}

@media (max-width:750px) {
  .c0 {
    margin-bottom: 30px;
  }
}

@media (max-width:750px) {
  .c1 {
    padding-left: 0px;
    -webkit-box-pack: start;
    -webkit-justify-content: flex-start;
    -ms-flex-pack: start;
    justify-content: flex-start;
  }
}

@media (max-width:750px) {
  .c1 .pagination__first__button {
    display: none;
  }
}

@media (max-width:750px) {
  .c1 .pagination__left__button {
    margin-left: 10px;
  }
}

@media (max-width:750px) {
  .c1 .pagination__middle__label {
    background: white;
    border-radius: 0px;
    margin-left: 10px;
    padding: 0;
  }
}

@media (max-width:750px) {
  .c1 .pagination__right__button {
    margin-left: 10px;
  }
}

@media (max-width:750px) {
  .c1 .pagination__last__button {
    display: none;
  }
}

@media (max-width:750px) {
  .c3 {
    padding-right: 0px;
    -webkit-box-pack: end;
    -webkit-justify-content: flex-end;
    -ms-flex-pack: end;
    justify-content: flex-end;
  }
}

@media (max-width:750px) {
  .c3 .pagination__input__page {
    width: 60px;
    margin-right: 0px;
    padding-left: 8px;
    font-size: 12px;
  }
}

@media (max-width:750px) {
  .c3 .pagination__page__label {
    display: none;
  }
}

@media (max-width:750px) {
  .c3 .pagination__goto__page {
    margin: 0 10px;
    font-size: 12px;
  }
}

<div
  className="c0"
>
  <div
    className="c1"
  >
    <div
      className="c2 pagination__first__button"
      onClick={[Function]}
      onKeyDown={[Function]}
      onMouseOver={[Function]}
      role="button"
      tabIndex={-1}
    >
      First
    </div>
    <div
      className="c2 pagination__left__button"
      onClick={[Function]}
      onKeyDown={[Function]}
      onMouseOver={[Function]}
      role="button"
      tabIndex={-1}
    >
      <img
        alt="left button"
        src="pagination_grey_left.png"
      />
    </div>
    <span
      className="pagination__middle__label"
    >
      Page 1 of 10 
    </span>
    <div
      className="c2 pagination__right__button"
      onClick={[Function]}
      onKeyDown={[Function]}
      onMouseOver={[Function]}
      role="button"
      tabIndex={-1}
    >
      <img
        alt="right button"
        src="pagination_black_right.png"
      />
    </div>
    <div
      className="c2 pagination__last__button"
      onClick={[Function]}
      onKeyDown={[Function]}
      onMouseOver={[Function]}
      role="button"
      tabIndex={-1}
    >
      Last
    </div>
  </div>
  <div
    className="c3"
  >
    <span
      className="pagination__page__label"
    >
      Page
    </span>
    <input
      className="pagination__input__page"
      onChange={[Function]}
      onKeyUp={[Function]}
      pattern="[0-9]*"
      type="text"
      value={2}
    />
    <div
      className="c2 pagination__goto__page"
      onClick={[Function]}
      onKeyDown={[Function]}
      onMouseOver={[Function]}
      role="button"
      tabIndex={-1}
    >
      Goto
    </div>
  </div>
</div>
`;
