// Jest Snapshot v1, https://goo.gl/fbAQLP

exports[`Search Component shallow renders 1`] = `
.c2 {
  cursor: pointer;
}

.c0 {
  display: -webkit-box;
  display: -webkit-flex;
  display: -ms-flexbox;
  display: flex;
  -webkit-align-items: center;
  -webkit-box-align: center;
  -ms-flex-align: center;
  align-items: center;
  width: 100%;
}

.c1 {
  margin: 0 auto;
  width: 100%;
  height: 30px;
  text-align: center;
  display: -webkit-box;
  display: -webkit-flex;
  display: -ms-flexbox;
  display: flex;
  -webkit-align-items: center;
  -webkit-box-align: center;
  -ms-flex-align: center;
  align-items: center;
  -webkit-box-pack: center;
  -webkit-justify-content: center;
  -ms-flex-pack: center;
  justify-content: center;
  background: white;
  border: 0px solid white;
  border-radius: 4px;
  padding-right: 5px;
}

.c3 {
  display: -webkit-box;
  display: -webkit-flex;
  display: -ms-flexbox;
  display: flex;
  -webkit-align-items: center;
  -webkit-box-align: center;
  -ms-flex-align: center;
  align-items: center;
  margin: 0 0 0 8px;
  z-index: 2;
}

.c3 img {
  width: 18px;
  height: 18px;
  margin: 0 auto;
}

.c4 {
  position: relative;
  width: 100%;
  height: 100%;
  font-size: 14px;
  padding-left: 10px;
  padding-right: 20px;
  margin-left: -8px background:white;
  color: #333333;
  border: 0px solid white;
  border-radius: 4px;
}

.c4:focus {
  color: #333333;
  outline: none;
}

.c4::-webkit-input-placeholder {
  color: #888888;
}

.c4::-moz-placeholder {
  color: #888888;
}

.c4:-ms-input-placeholder {
  color: #888888;
}

.c4::placeholder {
  color: #888888;
}

@media (max-width:750px) {
  .c4 {
    font-size: 12px;
    width: 100%;
    padding-left: 6px;
    padding-right: 16px;
  }
}

<div
  className="c0"
>
  <div
    className="c1"
  >
    <div
      className="c2 c3"
      onClick={[Function]}
      onKeyDown={[Function]}
      onMouseOver={[Function]}
      role="button"
      tabIndex={-1}
    >
      <img
        alt="search logo"
        src="search_black.png"
      />
    </div>
    <input
      className="c4"
      defaultValue=""
      onChange={[Function]}
      onKeyUp={[Function]}
      placeholder="Block/Transaction/Address/Lock Hash/Type Hash"
    />
    
  </div>
</div>
`;
