// Jest Snapshot v1, https://goo.gl/fbAQLP

exports[`Sheet Component shallow renders 1`] = `null`;
