// Jest Snapshot v1, https://goo.gl/fbAQLP

exports[`TitleCard Component shallow renders 1`] = `
<div
  className="sc-AxjAm kokyfk"
>
  <div
    className="title__card__content"
  >
    title
  </div>
</div>
`;
