// Jest Snapshot v1, https://goo.gl/fbAQLP

exports[`Toast Component shallow renders 1`] = `null`;
